> Task :app:buildKotlinToolingMetadata UP-TO-DATE
> Task :app:checkKotlinGradlePluginConfigurationErrors SKIPPED
> Task :app:preBuild UP-TO-DATE
> Task :app:preReleaseBuild UP-TO-DATE
> Task :app:checkReleaseAarMetadata UP-TO-DATE
> Task :app:generateReleaseResValues UP-TO-DATE
> Task :app:mapReleaseSourceSetPaths
> Task :app:generateReleaseResources
> Task :app:packageReleaseResources
> Task :app:createReleaseCompatibleScreenManifests UP-TO-DATE
> Task :app:extractDeepLinksRelease UP-TO-DATE
> Task :app:processReleaseMainManifest UP-TO-DATE
> Task :app:processReleaseManifest UP-TO-DATE
> Task :app:processReleaseManifestForPackage UP-TO-DATE
> Task :app:javaPreCompileRelease UP-TO-DATE
> Task :app:extractProguardFiles UP-TO-DATE
> Task :app:parseReleaseLocalResources
> Task :app:mergeReleaseResources
> Task :app:processReleaseResources
> Task :app:compileReleaseKotlin
> Task :app:compileReleaseJavaWithJavac NO-SOURCE
> Task :app:generateReleaseLintVitalReportModel
> Task :app:lintVitalAnalyzeRelease

> Task :app:lintVitalReportRelease
Lint found 1 error. First failure:
D:\flutter_projects\CarmenKarla\shop_kotlin\app\src\main\java\ly\carmenkarla\shop\MainActivity.kt:103: Error: Upgrade Fragment version to at least 1.3.0. [InvalidFragmentVersionForActivityResult from androidx.activity]
    private val notificationPermission = registerForActivityResult(
                                         ^


> Task :app:lintVitalRelease FAILED
gradlew.bat : D:\flutter_projects
\CarmenKarla\shop_kotlin\app\src\
main\java\ly\carmenkarla\shop\Mai
nActivity.kt:103: Error: Upgrade 
Fragment version to at least 
1.3.0. [InvalidFragmentVersionFor
ActivityResult from 
androidx.activity]
At D:\flutter_projects\CarmenKarl
a\tool\show_lint.ps1:5 char:1
+ & .\gradlew.bat 
:app:lintVitalRelease *>&1 | 
Out-File -FilePath $log  ...
+ ~~~~~~~~~~~~~~~~~~~~~~~~~~~~~~~
~~~~~~~~~~~
    + CategoryInfo          : No 
   tSpecified: (D:\flutter_proj  
  ...roidx.activity]:String) [   
 ], RemoteException
    + FullyQualifiedErrorId : Na 
   tiveCommandError
 
    private val 
notificationPermission = 
registerForActivityResult(
                                 
        ^

   Explanation for issues of 
type "InvalidFragmentVersionForAc
tivityResult":
   In order to use the 
ActivityResult APIs you must 
upgrade your              
     Fragment version to 1.3.0. 
Previous versions of 
FragmentActivity         
          failed to call super.on
RequestPermissionsResult() and 
used invalid
   request codes

   https://developer.android.com/
training/permissions/requesting#m
ake-the-request

   Vendor: Android Open Source 
Project
   Identifier: androidx.activity
   Feedback: https://issuetracker
.google.com/issues/new?component=
527362

1 error


[Incubating] Problems report is available at: file:///D:/flutter_projects/CarmenKarla/shop_kotlin/build/reports/problems/problems-report.html

FAILURE: Build failed with an 
exception.

* What went wrong:
Execution failed for task 
':app:lintVitalRelease'.
> Lint found fatal errors while 
assembling a release target.
  
  Fix the issues identified by 
lint, or create a baseline to 
see only new errors.
  To create a baseline, run 
`gradlew updateLintBaseline` 
after adding the following to 
the module's build.gradle file:
  ```
  android {
      lint {
          baseline = 
file("lint-baseline.xml")
      }
  }
  ```
  For more details, see https://d
eveloper.android.com/studio/write
/lint#snapshot
  
  D:\flutter_projects\CarmenKarla
\shop_kotlin\app\src\main\java\ly
\carmenkarla\shop\MainActivity.kt
:103: Error: Upgrade Fragment 
version to at least 1.3.0. [Inval
idFragmentVersionForActivityResul
t from androidx.activity]
      private val 
notificationPermission = 
registerForActivityResult(
                                 
          ^
  
     Explanation for issues of 
type "InvalidFragmentVersionForAc
tivityResult":
     In order to use the 
ActivityResult APIs you must 
upgrade your              
       Fragment version to 
1.3.0. Previous versions of 
FragmentActivity         
            failed to call super.
onRequestPermissionsResult() and 
used invalid
     request codes
  
     https://developer.android.co
m/training/permissions/requesting
#make-the-request
  
     Vendor: Android Open Source 
Project
     Identifier: 
androidx.activity
     Feedback: https://issuetrack
er.google.com/issues/new?componen
t=527362
  
  1 error

* Try:
> Run with --stacktrace option 
to get the stack trace.
> Run with --info or --debug 
option to get more log output.
> Run with --scan to get full 
insights.
> Get more help at 
https://help.gradle.org.

Deprecated Gradle features were used in this build, making it incompatible with Gradle 9.0.

You can use '--warning-mode all' to show the individual deprecation warnings and determine if they come from your own scripts or plugins.

For more on this, please refer to https://docs.gradle.org/8.14/userguide/command_line_interface.html#sec:command_line_warnings in the Gradle documentation.

BUILD FAILED in 27s
21 actionable tasks: 11 executed, 10 up-to-date
